Initial Transient Solution

Node                                   Voltage
1                                            5
2                                         1.25
v1#branch                             -0.00125

INFO: success
